

================================================================
== Vivado HLS Report for 'sin_or_cos_float_s'
================================================================
* Date:           Wed Dec  5 15:35:22 2018

* Version:        2018.2 (Build 2258646 on Thu Jun 14 20:25:20 MDT 2018)
* Project:        Rotate
* Solution:       solution1
* Product family: virtex7
* Target device:  xc7vx690tffg1761-3


================================================================
== Performance Estimates
================================================================
+ Timing (ns): 
    * Summary: 
    +--------+-------+----------+------------+
    |  Clock | Target| Estimated| Uncertainty|
    +--------+-------+----------+------------+
    |ap_clk  |  10.00|     8.394|        1.25|
    +--------+-------+----------+------------+

+ Latency (clock cycles): 
    * Summary: 
    +-----+-----+-----+-----+---------+
    |  Latency  |  Interval | Pipeline|
    | min | max | min | max |   Type  |
    +-----+-----+-----+-----+---------+
    |   16|   20|   16|   20|   none  |
    +-----+-----+-----+-----+---------+

    + Detail: 
        * Instance: 
        +------------------------------+-------------------+-----+-----+-----+-----+---------+
        |                              |                   |  Latency  |  Interval | Pipeline|
        |           Instance           |       Module      | min | max | min | max |   Type  |
        +------------------------------+-------------------+-----+-----+-----+-----+---------+
        |grp_scaled_fixed2ieee_fu_218  |scaled_fixed2ieee  |    8|   12|    8|   12|   none  |
        +------------------------------+-------------------+-----+-----+-----+-----+---------+

        * Loop: 
        N/A



================================================================
== Utilization Estimates
================================================================
* Summary: 
+-----------------+---------+-------+--------+--------+
|       Name      | BRAM_18K| DSP48E|   FF   |   LUT  |
+-----------------+---------+-------+--------+--------+
|DSP              |        -|      2|       -|       -|
|Expression       |        -|     19|      40|    1339|
|FIFO             |        -|      -|       -|       -|
|Instance         |        2|      -|     273|     838|
|Memory           |        -|      -|     168|     293|
|Multiplexer      |        -|      -|       -|      47|
|Register         |        -|      -|     394|       -|
+-----------------+---------+-------+--------+--------+
|Total            |        2|     21|     875|    2517|
+-----------------+---------+-------+--------+--------+
|Available        |     2940|   3600|  866400|  433200|
+-----------------+---------+-------+--------+--------+
|Utilization (%)  |    ~0   |   ~0  |   ~0   |   ~0   |
+-----------------+---------+-------+--------+--------+

+ Detail: 
    * Instance: 
    +------------------------------+----------------------+---------+-------+-----+-----+
    |           Instance           |        Module        | BRAM_18K| DSP48E|  FF | LUT |
    +------------------------------+----------------------+---------+-------+-----+-----+
    |Rotate_Core_mux_1hbi_U30      |Rotate_Core_mux_1hbi  |        0|      0|    0|   65|
    |Rotate_Core_mux_1hbi_U31      |Rotate_Core_mux_1hbi  |        0|      0|    0|   65|
    |Rotate_Core_mux_8g8j_U29      |Rotate_Core_mux_8g8j  |        0|      0|    0|   65|
    |grp_scaled_fixed2ieee_fu_218  |scaled_fixed2ieee     |        2|      0|  273|  643|
    +------------------------------+----------------------+---------+-------+-----+-----+
    |Total                         |                      |        2|      0|  273|  838|
    +------------------------------+----------------------+---------+-------+-----+-----+

    * DSP48: 
    +--------------------------+----------------------+-----------+
    |         Instance         |        Module        | Expression|
    +--------------------------+----------------------+-----------+
    |Rotate_Core_mul_mibs_U32  |Rotate_Core_mul_mibs  |  i0 * i0  |
    |Rotate_Core_mul_mjbC_U33  |Rotate_Core_mul_mjbC  |  i0 * i1  |
    +--------------------------+----------------------+-----------+

    * Memory: 
    +------------------------+----------------------+---------+-----+-----+------+-----+------+-------------+
    |         Memory         |        Module        | BRAM_18K|  FF | LUT | Words| Bits| Banks| W*Bits*Banks|
    +------------------------+----------------------+---------+-----+-----+------+-----+------+-------------+
    |ref_4oPi_table_100_V_U  |sin_or_cos_float_cud  |        0|  100|   21|    13|  100|     1|         1300|
    |second_order_float_2_U  |sin_or_cos_float_dEe  |        0|   30|  120|   256|   30|     1|         7680|
    |second_order_float_3_U  |sin_or_cos_float_eOg  |        0|   23|   92|   256|   23|     1|         5888|
    |second_order_float_s_U  |sin_or_cos_float_fYi  |        0|   15|   60|   256|   15|     1|         3840|
    +------------------------+----------------------+---------+-----+-----+------+-----+------+-------------+
    |Total                   |                      |        0|  168|  293|   781|  168|     4|        18708|
    +------------------------+----------------------+---------+-----+-----+------+-----+------+-------------+

    * FIFO: 
    N/A

    * Expression: 
    +--------------------------------+----------+-------+----+-----+------------+------------+
    |          Variable Name         | Operation| DSP48E| FF | LUT | Bitwidth P0| Bitwidth P1|
    +--------------------------------+----------+-------+----+-----+------------+------------+
    |p_Val2_16_fu_725_p2             |     *    |      3|   0|   29|          30|          29|
    |p_Val2_1_fu_634_p2              |     *    |      1|   0|   33|          23|          22|
    |r_V_5_fu_322_p2                 |     *    |     15|   0|   91|          80|          24|
    |expv_op_fu_256_p2               |     +    |      0|   0|   15|           7|           8|
    |p_i_fu_353_p2                   |     +    |      0|   0|   15|           8|           8|
    |r_V_3_fu_711_p2                 |     +    |      0|   0|   37|          30|          30|
    |tmp_fu_674_p2                   |     +    |      0|   0|   30|          23|          23|
    |Ex_V_fu_459_p2                  |     -    |      0|   0|   15|           8|           8|
    |p_Val2_i_fu_375_p2              |     -    |      0|   0|   65|           1|          58|
    |r_V_fu_746_p2                   |     -    |      0|   0|   16|           1|           9|
    |tmp_20_i_fu_486_p2              |     -    |      0|   0|   16|           1|           9|
    |not_or_cond_demorgan_fu_923_p2  |    and   |      0|   0|    2|           1|           1|
    |or_cond_fu_867_p2               |    and   |      0|   0|    2|           1|           1|
    |p_Result_s_fu_871_p2            |    and   |      0|   0|    2|           1|           1|
    |val_assign_fu_423_p3            |   cttz   |      0|  40|   36|          32|           0|
    |closepath_fu_250_p2             |   icmp   |      0|   0|   11|           8|           7|
    |tmp_6_fu_473_p2                 |   icmp   |      0|   0|   11|           8|           1|
    |tmp_7_fu_348_p2                 |   icmp   |      0|   0|   18|          23|           1|
    |tmp_8_fu_478_p2                 |   icmp   |      0|   0|   11|           8|           2|
    |tmp_22_i_fu_510_p2              |   lshr   |      0|   0|   74|          29|          29|
    |tmp_10_fu_941_p2                |    or    |      0|   0|    2|           1|           1|
    |tmp_9_fu_887_p2                 |    or    |      0|   0|    2|           1|           1|
    |Mx_V_read_assign_fu_698_p3      |  select  |      0|   0|   29|           1|           2|
    |addr_V_fu_262_p3                |  select  |      0|   0|    8|           1|           6|
    |cos_basis_fu_685_p3             |  select  |      0|   0|    2|           1|           1|
    |p_Ex_V_ret_fu_691_p3            |  select  |      0|   0|    8|           1|           1|
    |p_Result_1_cast_fu_933_p3       |  select  |      0|   0|    2|           1|           2|
    |p_Result_s_41_fu_892_p3         |  select  |      0|   0|    2|           1|           1|
    |p_Result_s_42_fu_900_p3         |  select  |      0|   0|    8|           1|           2|
    |p_Result_s_43_fu_907_p3         |  select  |      0|   0|    2|           1|           1|
    |p_Val2_21_fu_365_p3             |  select  |      0|   0|    3|           1|           1|
    |p_Val2_9_fu_380_p3              |  select  |      0|   0|   58|           1|          58|
    |p_cast_cast_cast_fu_875_p3      |  select  |      0|   0|    7|           1|           7|
    |ret_V_3_fu_915_p3               |  select  |      0|   0|    8|           1|           8|
    |ret_V_4_fu_946_p3               |  select  |      0|   0|   23|           1|          23|
    |sh_assign_fu_492_p3             |  select  |      0|   0|    9|           1|           9|
    |ssdm_int_V_write_ass_fu_525_p3  |  select  |      0|   0|   32|           1|          32|
    |storemerge_i_fu_358_p3          |  select  |      0|   0|    8|           1|           8|
    |tmp_5_fu_860_p3                 |  select  |      0|   0|    2|           1|           1|
    |p_Val2_11_fu_439_p2             |    shl   |      0|   0|  170|          58|          58|
    |r_V_4_fu_292_p2                 |    shl   |      0|   0|  330|         100|         100|
    |tmp_23_i_fu_519_p2              |    shl   |      0|   0|   85|          32|          32|
    |not_do_cos_i_fu_590_p2          |    xor   |      0|   0|    2|           1|           2|
    |not_or_cond_fu_927_p2           |    xor   |      0|   0|    2|           1|           2|
    |not_tmp_s_fu_882_p2             |    xor   |      0|   0|    2|           1|           2|
    |sin_basis_fu_596_p2             |    xor   |      0|   0|    2|           1|           1|
    |tmp_s_fu_680_p2                 |    xor   |      0|   0|    2|           1|           2|
    +--------------------------------+----------+-------+----+-----+------------+------------+
    |Total                           |          |     19|  40| 1339|         537|         635|
    +--------------------------------+----------+-------+----+-----+------------+------------+

    * Multiplexer: 
    +-----------+----+-----------+-----+-----------+
    |    Name   | LUT| Input Size| Bits| Total Bits|
    +-----------+----+-----------+-----+-----------+
    |ap_NS_fsm  |  47|         10|    1|         10|
    +-----------+----+-----------+-----+-----------+
    |Total      |  47|         10|    1|         10|
    +-----------+----+-----------+-----+-----------+

    * Register: 
    +-------------------------------------------+----+----+-----+-----------+
    |                    Name                   | FF | LUT| Bits| Const Bits|
    +-------------------------------------------+----+----+-----+-----------+
    |Ex_V_reg_1052                              |   8|   0|    8|          0|
    |Med_V_reg_1017                             |  80|   0|   80|          0|
    |Mx_V_reg_1045                              |  29|   0|   29|          0|
    |ap_CS_fsm                                  |   9|   0|    9|          0|
    |closepath_reg_1001                         |   1|   0|    1|          0|
    |cos_basis_reg_1130                         |   1|   0|    1|          0|
    |grp_scaled_fixed2ieee_fu_218_ap_start_reg  |   1|   0|    1|          0|
    |isNeg_reg_1058                             |   1|   0|    1|          0|
    |loc_V_1_reg_995                            |  23|   0|   23|          0|
    |loc_V_reg_988                              |   8|   0|    8|          0|
    |not_do_cos_i_reg_1100                      |   1|   0|    1|          0|
    |p_Result_19_reg_982                        |   1|   0|    1|          0|
    |p_Val2_12_reg_1090                         |  22|   0|   22|          0|
    |p_Val2_15_reg_1120                         |  29|   0|   29|          0|
    |p_Val2_21_reg_1039                         |   3|   0|    3|          0|
    |p_Val2_7_reg_1022                          |  58|   0|   58|          0|
    |r_V_reg_1140                               |   9|   0|    9|          0|
    |result_V_reg_1135                          |  29|   0|   29|          0|
    |resultf_reg_1145                           |  32|   0|   32|          0|
    |tmp_13_reg_1012                            |   4|   0|    4|          0|
    |tmp_14_i_reg_1028                          |   3|   0|    3|          0|
    |tmp_25_i_reg_1095                          |  15|   0|   15|          0|
    |tmp_2_reg_1084                             |   1|   0|    1|          0|
    |tmp_6_reg_1064                             |   1|   0|    1|          0|
    |tmp_7_reg_1033                             |   1|   0|    1|          0|
    |tmp_8_reg_1070                             |   1|   0|    1|          0|
    |tmp_reg_1125                               |  23|   0|   23|          0|
    +-------------------------------------------+----+----+-----+-----------+
    |Total                                      | 394|   0|  394|          0|
    +-------------------------------------------+----+----+-----+-----------+



================================================================
== Interface
================================================================
* Summary: 
+-----------+-----+-----+------------+-------------------+--------------+
| RTL Ports | Dir | Bits|  Protocol  |   Source Object   |    C Type    |
+-----------+-----+-----+------------+-------------------+--------------+
|ap_clk     |  in |    1| ap_ctrl_hs | sin_or_cos<float> | return value |
|ap_rst     |  in |    1| ap_ctrl_hs | sin_or_cos<float> | return value |
|ap_start   |  in |    1| ap_ctrl_hs | sin_or_cos<float> | return value |
|ap_done    | out |    1| ap_ctrl_hs | sin_or_cos<float> | return value |
|ap_idle    | out |    1| ap_ctrl_hs | sin_or_cos<float> | return value |
|ap_ready   | out |    1| ap_ctrl_hs | sin_or_cos<float> | return value |
|ap_return  | out |   32| ap_ctrl_hs | sin_or_cos<float> | return value |
|t_in       |  in |   32|   ap_none  |        t_in       |    scalar    |
|do_cos     |  in |    1|   ap_none  |       do_cos      |    scalar    |
+-----------+-----+-----+------------+-------------------+--------------+

